Archive member included to satisfy reference by file (symbol)

../../../algo/pedometer/package/Debug/lib_pedometer_debug.a(pedometer.o)
                              Output/watchv4_nrf52840 Debug/Obj/pedometer_task.o (PedometerGetStep)
../../../algo/pedometer/package/Debug/lib_pedometer_debug.a(hip_algorithm.o)
                              ../../../algo/pedometer/package/Debug/lib_pedometer_debug.a(pedometer.o) (InitAlgorithmParameters_hip)
../../../algo/ecg/package/Debug/lib_QRSDetector_debug.a(rpeaks_v3.o)
                              Output/watchv4_nrf52840 Debug/Obj/ecg_application_task.o (QRSdetectorInit)
D:/VSM Watch Code/Vital-Signs-Monitoring/adi_study_watch/nrf5_sdk_15.2.0/adi_study_watch/algo/ppg_loop1_algo/ses/../package/Debug/lib_adpd_m4.a(api_in_out.o)
                              Output/watchv4_nrf52840 Debug/Obj/mw_ppg.o (Adpd400xLibOpenHr)
D:/VSM Watch Code/Vital-Signs-Monitoring/adi_study_watch/nrf5_sdk_15.2.0/adi_study_watch/algo/ppg_loop1_algo/ses/../package/Debug/lib_adpd_m4.a(state_machine.o)
                              Output/watchv4_nrf52840 Debug/Obj/adpd4000_task.o (gAdpd400x_lcfg)
D:/VSM Watch Code/Vital-Signs-Monitoring/adi_study_watch/nrf5_sdk_15.2.0/adi_study_watch/algo/ppg_loop1_algo/ses/../package/Debug/lib_adpd_m4.a(utility.o)
                              D:/VSM Watch Code/Vital-Signs-Monitoring/adi_study_watch/nrf5_sdk_15.2.0/adi_study_watch/algo/ppg_loop1_algo/ses/../package/Debug/lib_adpd_m4.a(state_machine.o) (gSlotOri)
D:/VSM Watch Code/Vital-Signs-Monitoring/adi_study_watch/nrf5_sdk_15.2.0/adi_study_watch/algo/ppg_loop1_algo/ses/../package/Debug/lib_adpd_m4.a(dark_offset.o)
                              D:/VSM Watch Code/Vital-Signs-Monitoring/adi_study_watch/nrf5_sdk_15.2.0/adi_study_watch/algo/ppg_loop1_algo/ses/../package/Debug/lib_adpd_m4.a(state_machine.o) (Adpd400xLibGetDarkOffsetInit)
D:/VSM Watch Code/Vital-Signs-Monitoring/adi_study_watch/nrf5_sdk_15.2.0/adi_study_watch/algo/ppg_loop1_algo/ses/../package/Debug/lib_adpd_m4.a(detect_motion.o)
                              D:/VSM Watch Code/Vital-Signs-Monitoring/adi_study_watch/nrf5_sdk_15.2.0/adi_study_watch/algo/ppg_loop1_algo/ses/../package/Debug/lib_adpd_m4.a(state_machine.o) (Adpd400xMDCheckMotionInit)
D:/VSM Watch Code/Vital-Signs-Monitoring/adi_study_watch/nrf5_sdk_15.2.0/adi_study_watch/algo/ppg_loop1_algo/ses/../package/Debug/lib_adpd_m4.a(detect_on_green.o)
                              D:/VSM Watch Code/Vital-Signs-Monitoring/adi_study_watch/nrf5_sdk_15.2.0/adi_study_watch/algo/ppg_loop1_algo/ses/../package/Debug/lib_adpd_m4.a(state_machine.o) (Adpd400xDetectObjectOnInitGreen)
D:/VSM Watch Code/Vital-Signs-Monitoring/adi_study_watch/nrf5_sdk_15.2.0/adi_study_watch/algo/ppg_loop1_algo/ses/../package/Debug/lib_adpd_m4.a(heart_rate.o)
                              D:/VSM Watch Code/Vital-Signs-Monitoring/adi_study_watch/nrf5_sdk_15.2.0/adi_study_watch/algo/ppg_loop1_algo/ses/../package/Debug/lib_adpd_m4.a(state_machine.o) (Adpd400xheartRateInit)
D:/VSM Watch Code/Vital-Signs-Monitoring/adi_study_watch/nrf5_sdk_15.2.0/adi_study_watch/algo/ppg_loop1_algo/ses/../package/Debug/lib_adpd_m4.a(optimization_ac.o)
                              D:/VSM Watch Code/Vital-Signs-Monitoring/adi_study_watch/nrf5_sdk_15.2.0/adi_study_watch/algo/ppg_loop1_algo/ses/../package/Debug/lib_adpd_m4.a(state_machine.o) (Adpd400xACOptInit)
D:/VSM Watch Code/Vital-Signs-Monitoring/adi_study_watch/nrf5_sdk_15.2.0/adi_study_watch/algo/ppg_loop1_algo/ses/../package/Debug/lib_adpd_m4.a(adi_fixed_point_algo.o)
                              D:/VSM Watch Code/Vital-Signs-Monitoring/adi_study_watch/nrf5_sdk_15.2.0/adi_study_watch/algo/ppg_loop1_algo/ses/../package/Debug/lib_adpd_m4.a(heart_rate.o) (Adpd400xAlgHRInit)
C:/Program Files/SEGGER/SEGGER Embedded Studio for ARM 4.12/lib/libm_v7em_fpv4_sp_d16_t_le_eabi.a(libm_asm.o)
                              Output/watchv4_nrf52840 Debug/Obj/adxl_buffering.o (__aeabi_i2d)
C:/Program Files/SEGGER/SEGGER Embedded Studio for ARM 4.12/lib/libm_v7em_fpv4_sp_d16_t_le_eabi.a(libm2.o)
                              Output/watchv4_nrf52840 Debug/Obj/ad5940.o (atan2)
C:/Program Files/SEGGER/SEGGER Embedded Studio for ARM 4.12/lib/libm_v7em_fpv4_sp_d16_t_le_eabi.a(libm2_asm.o)
                              C:/Program Files/SEGGER/SEGGER Embedded Studio for ARM 4.12/lib/libm_v7em_fpv4_sp_d16_t_le_eabi.a(libm2.o) (fabs)
C:/Program Files/SEGGER/SEGGER Embedded Studio for ARM 4.12/lib/libm_v7em_fpv4_sp_d16_t_le_eabi.a(fdlibm.o)
                              Output/watchv4_nrf52840 Debug/Obj/adpd4000_task.o (log2)
C:/Program Files/SEGGER/SEGGER Embedded Studio for ARM 4.12/lib/libm_v7em_fpv4_sp_d16_t_le_eabi.a(libm.o)
                              C:/Program Files/SEGGER/SEGGER Embedded Studio for ARM 4.12/lib/libm_v7em_fpv4_sp_d16_t_le_eabi.a(fdlibm.o) (__mulsc3)
C:/Program Files/SEGGER/SEGGER Embedded Studio for ARM 4.12/lib/libc_v7em_fpv4_sp_d16_t_le_eabi.a(libc_asm.o)
                              Output/watchv4_nrf52840 Debug/Obj/agc.o (__aeabi_uldivmod)
C:/Program Files/SEGGER/SEGGER Embedded Studio for ARM 4.12/lib/libc_v7em_fpv4_sp_d16_t_le_eabi.a(libc2.o)
                              Output/watchv4_nrf52840 Debug/Obj/ppg_application_task.o (abs)
C:/Program Files/SEGGER/SEGGER Embedded Studio for ARM 4.12/lib/libc_v7em_fpv4_sp_d16_t_le_eabi.a(libc2_asm.o)
                              Output/watchv4_nrf52840 Debug/Obj/adpd4000_task.o (memcpy)
C:/Program Files/SEGGER/SEGGER Embedded Studio for ARM 4.12/lib/libc_v7em_fpv4_sp_d16_t_le_eabi.a(libc.o)
                              C:/Program Files/SEGGER/SEGGER Embedded Studio for ARM 4.12/lib/libc_v7em_fpv4_sp_d16_t_le_eabi.a(libc2.o) (__heap_lock)
C:/Program Files/SEGGER/SEGGER Embedded Studio for ARM 4.12/lib/libdebugio_v7em_fpv4_sp_d16_t_le_eabi.a(libdebugio.o)
                              Output/watchv4_nrf52840 Debug/Obj/thumb_crt0.o (debug_fopen)
